[
["Rosacea", "Chronic rash"],
["Blushing", "Reddening and sensation of heat in the face"],
["Rhinophyma", "Enlarged unshapely nose"],
["Blepharophyma", "Firm swelling eyelids"],
["Aging skin", "Dry and discoloured skin"],
["Actinic Keratoses", "Roughness on skin"],
["Basal Cell Carcinoma", "Ulcer"],
["Lentigines", "Brown flat lesions"],
["Flat seborrheic keratoses", "Warty spot"],
["Cherry Angiomas", "Small papular angioma"],
["Sebaceous hyperplasia", "Yellow bump"],
["Senile Purpura", "Purple plaques"],
["Comedonal Acne", "Blackheads"],
["Comedonal Acne", "Whiteheads"],
["Papules", "Small"],
["Papules", "Tender"],
["Papules", "Red bumps"],
["Putsules", "White squeezable spots"],
["Putsules", "Yellow squeezable spots"],
["Nodulocystic Acne", "Large"],
["Nodulocystic Acne", "Red lumps"],
["Nodulocystic Acne", "Painful"],
["Acne Vulgaris", "Cyst-like fluctuant"],
["Acne Vulgaris", "Swellings"],
["Ice Pick", "Narrow scars"],
["Ice Pick", "Deep scars"],
["Ice Pick", "Pitted scars"],
["Boxcar Scars", "Broad depression"],
["Atrophic Scars", "Thin scars"],
["Atrophic Scars", "Flat scars"],
["Hypertrophic scars", "Thick lumpy scars"],
["Postinflammatory Hypopigmentation", "White marks"],
["Postinflammatory Pigmentation", "Brown marks"],
["Postinflammatory Erythema", "Purple flat patches"],
["Postinflammatory Erythema", "Pink flat patches"],
["Cystic Acne", "Fluid-filled lumps"],
["Cystic Acne", "Soft"],
["Adult Acne", "Enlarged pores"]
]
