[
["Chronic rash", "Rosacea"],
["Reddening of face", "Blushing"],
["Sensation of heat", "Blushing"],
["Enlarged unshapely nose", "Rhinophyma"],
["Firm swelling eyelids", "Blepharophyma"],
["Dry and discoloured skin", "Aging skin"],
["Roughness on skin", "Actinic Keratoses"],
["Ulcer", "Basal Cell Carcinoma"],
["Brown flat lesions", "Lentigines"],
["Warty spot", "Flat seborrheic keratoses"],
["Small papular angioma", "Cherry Angiomas"],
["Yellow bump", "Sebaceous hyperplasia"],
["Purple plaques", "Senile Purpura"],
["Blackheads", "Comedonal Acne"],
["Whiteheads", "Comedonal Acne"],
["Small", "Papules"],
["Tender", "Papules"],
["Red bumps", "Papules"],
["White squeezable spots", "Putsules"],
["Yellow squeezable spots", "Putsules"],
["Large", "Nodulocystic Acne"],
["Red lumps", "Nodulocystic Acne"],
["Painful", "Nodulocystic Acne"],
["Cyst-like fluctuant", "Acne Vulgaris"],
["Swellings", "Acne Vulgaris"],
["Narrow scars", "Ice Pick"],
["Deep scars", "Ice Pick"],
["Pitted scars", "Ice Pick"],
["Broad depression", "Boxcar Scars"],
["Thin scars", "Atrophic Scars"],
["Flat scars", "Atrophic Scars"],
["Thick lumpy scars", "Hypertrophic scars"],
["White marks", "Postinflammatory Hypopigmentation"],
["Brown marks", "Postinflammatory Pigmentation"],
["Purple flat patches", "Postinflammatory Erythema"],
["Pink flat patches", "Postinflammatory Erythema"],
["Fluid-filled lumps", "Cystic Acne"],
["Soft", "Cystic Acne"],
["Enlarged pores", "Adult Acne"]
]
