[
["Rosacea", "Topical Treatment such as Ivermectin Cream, Brimonidine Gel and Metronidazole Cream or Gel"],
["Blushing", "Cognitive Behaviour Therapy, Endoscopic Thoracic Sympathectomy, Anxiety Medications, Clonidine and Beta-blockers"],
["Rhinophyma", "Carbon Dioxide Laser"],
["Blepharophyma", "None"],
["Aging skin", "Vitamin C, Fillers, Sclerotherapy, Laser Blepharoplasty and Cosmetic Surgery"],
["Actinic Keratoses", "Cryotherapy"],
["Basal Cell Carcinoma", "Imiquimod cream"],
["Lentigines", "Flashlamp-pumped Pulsed Dye Laser"],
["Flat seborrheic keratoses", "Shave Biopsy"],
["Cherry Angiomas", "Electrocauterization"],
["Sebaceous hyperplasia", "Photodynamic Therapy"],
["Senile Purpura", "Vitamin K"],
["Comedonal Acne", "Electrosurgery"],
["Papules", "Azithromycin"],
["Putsules", "Acne Medications and Calamine Lotion"],
["Nodulocystic Acne", "Systemic Corticosteroids"],
["Acne Vulgaris", "Salicyic Acid"],
["Ice Pick", "Dermabrasion"],
["Boxcar Scars", "Dermabrasion"],
["Atrophic Scars", "Skin Needling"],
["Hypertrophic scars", "Skin Needling"],
["Postinflammatory Hypopigmentation", "Topical Tar"],
["Postinflammatory Pigmentation", "Azelaic Acid Cream and Oil-free Sunscreen"],
["Postinflammatory Erythema", "Niacinamide"],
["Cystic Acne", "Corticosteroid Injections"],
["Adult Acne", "Topical Anti-acne Medications, Blue Light Treatment, Tetracycylines and Oral Contaceptives"]
]
