[
["Hair fall out in small patches", "Alopecia Areata"],
["Cradle Cap at other part of body", "Creadle Cap"],
["Change in scalp color", "Creadle Cap"],
["Greasy scalp", "Creadle Cap"],
["Patchy scalp", "Creadle Cap"],
["Hair loss", "Creadle Cap"],
["Hair strands that have a knotty appearance", "Bamboo Hair"],
["Hair that break easily", "Bamboo Hair"],
["Loss of eyeshes", "Bamboo Hair"],
["Loss of eyebrown", "Bamboo Hair"],
["Sparse hair growth", "Bamboo Hair"],
["hair loss pattern", "Bamboo Hair"],
["Temporary hair loss from scretching", "Scalp Psoriasis"],
["Flanking that resembles dandruff", "Scalp Psoriasis"],
["Raised reddish patches", "Scalp Psoriasis"],
["Bleeding from scretching", "Scalp Psoriasis"],
["Burning discomfirt", "Scalp Psoriasis"],
["Silvery-like scales", "Scalp Psoriasis"],
["Dryness", "Scalp Psoriasis"],
["Swollen lymph nodes", "Ringworm"],
["Low grade fever", "Ringworm"],
["Brittle hair", "Ringworm"],
["Painful scalp", "Ringworm"],
["Sores and scabs on scalp from scratching", "Head Lice Infestation"],
["Feeling something crawling on scalp", "Head Lice Infestation"],
["Patches of hair loss", "Lichen Planopilaris"],
["Scalp redness", "Lichen Planopilaris"],
["Scalp pain", "Lichen Planopilaris"],
["Scalp burning", "Lichen Planopilaris"],
["Patches of greasy skin", "Seborheic Dermatitis"],
["Skin flakes", "Seborheic Dermatitis"],
["Red skin", "Seborheic Dermatitis"],
["white-head pimples that pop out around hair follicles", "Folliculitis"],
["Clusters of small red bumps", "Folliculitis"],
["Pus-filled blisters", "Folliculitis"],
["Skin flankes on scalp", "Dandruff"],
["Hair follicles shrink causing wider bald spot", "O Shape"],
["Hair fall at the side of head", "M shape"],
["Menopause", "Menopause Hair Loss"]
]
