[
["greenish black color", "Green nail syndrome"],
["dark streak", "Acral lentiginous melanoma"],
["white spots", "Leukonychia"],
["white lines", "Leukonychia"],
["grooves and ridges in the center of thumb", "Onychotillomania"],
["Washboard nails", "Onychotillomania"],
["crossed with one or more pale or white bands from side to side", "Muehrcke's Lines"],
["tip of each nail has a dark band", "Terry’s nails"],
["very thick", "Ram’s horn nails"],
["Ram’s horn nails", "Onychogryphosis"],
["overgrow", "Ram’s horn nails"],
["Curved nails", "Clubbing"],
["fingertips often swell", "Clubbing"],
["nails feel spongy when pressed on", "Clubbing"],
["dusky red half-moon", "dusky red half-moons nails"],
["transverse white lines", "Mees’ lines"],
["Deep groove", "Beau lines"],
["Deep gap", "Beau lines"],
["Thin nails", "Koilonychia"],
["fingernails raised ridges and scoop outward", "Koilonychia"],
["looks like spoon", "Koilonychia"],
["spooning", "Koilonychia"],
["dents in nails that look like they were made by an icepick", "Pitting"],
["Pitted nails", "Pitting"],
["white line", "Leukonychia"],
["white spot", "Leukonychia"],
["blue", "blue nails"],
["white", "Terry’s nails"],
["pale", "pale nails"],
["half pink half white", "half pink half white nails"],
["blue half moon", "blue half-moons nails"],
["bleed", "Ingrown Nails"],
["yellow pus", "Paronychia"],
["cracked nails", "Nail fungal infections"],
["stop growing", "Yellow nail syndrome"],
["crumbling", "Nail psoriasis"],
["build-up skin under nails", "Nail psoriasis"],
["blood under nails", "Nail psoriasis"],
["denting", "Nail psoriasis"],
["crossed with one or more pale or white bands from side to side", "Muehrcke's Lines"],
["testsymptom", "testdisease"]
]
