[
["Squamous cell carcinoma", "Radiation, Cryosurgery, Photodynamic therapy, Mohs micrographic surgery, Laser surgery, Excisional surgery, imiquimod, 5-fluorouracil , Electrosurgery"],
["Keratosis pilaris", "chemical peels, microdermabrasion, retinol creams"],
["Actinic Keratosis", "Cauterization, 5-fluorouracil, ingenol mebutate, imiquimod , Cryotherapy"],
["Latex allergy", "antihistamines, injectable epinephrine"],
["Chickenpox", "topical ointments, antihistamine medications"],
["Wart", "patches containing salicylic acid, Surgery, Duct tape, freeze wart with liquid nitrogen, Freezing treatments"],
["Ringworm", "griseofulvin (Gris-PEG), antifungal creamst"],
["Psoriasis", "no treatment"],
["Cellulitis", "intravenous (IV) antibiotics"],
["Acne", "Differin, Sotret, oral or topical antibiotic, benzoyl-peroxide , Topical retionoids, surgically "],
["Impetigo", "mupirocin cream, ointment ,Cleocin, Augmentin"],
["Carbuncle", "Antibiotics, Pain relievers, Antibacterial soaps"],
["Vitiligo", "Micropigmentation, Excimer laser treatment, Topical cream, Depigmentation, Skin grafting, Melanocyte transplants"],
["Melanoma", "excision"],
["Rosacea", "Nicomide, Isotretinoin, lasers or electrocautery, Nicomide"],
["Blister", "no treatment"],
["Melasma", "topical steroids , dermabrasion, chemical peels"],
["Hives", "diphenhydramine, cetirizine"],
["Eczema", "Phototherapy"]
]
