[
["skin cell DNA mutations", "Squamous cell carcinoma"],
["a buildup of keratin in the pores", "Keratosis pilaris"],
["age over 60", "Actinic Keratosis"],
["frequently exposed to the sun", "Actinic Keratosis"],
["have a tendency to sunburn easily", "Actinic Keratosis"],
["human papilloma virus (HPV)", "Actinic Keratosis"],
["have a history of sunburns earlier in life", "Actinic Keratosis"],
["have light-colored skin and blue eyes", "Actinic Keratosis"],
["Varicella-zoster virus (VZV)", "Chickenpox"],
["human papillomavirus (HPV)", "Wart"],
["Trichophyton", "Ringworm"],
["Microsporum", "Ringworm"],
["Epidermophyton", "Ringworm"],
["Staphylococcus", "Cellulitis"],
["Streptococcus", "Cellulitis"],
["clogged", "Acne"],
["swollen pores endure further irritation and grow larger", "Acne"],
["pores are clogged by a combination of bacteria", "Acne"],
["sebum", "Acne"],
["dead skin cells", "Acne"],
["pores walls break down from severe inflammation", "Acne"],
["pores walls break down, pore clogged", "Acne"],
["bacteria, sebum and dead skin cells", "Acne"],
["strep bacteria", "Impetigo"],
["strains of staph", "Impetigo"],
["staph", "Carbuncle"],
["Addison’s disease", "Vitiligo"],
["scleroderma", "Vitiligo"],
["lupus", "Vitiligo"],
["thyroiditis", "Vitiligo"],
["psoriasis", "Vitiligo"],
["Ersipelas", "Blister"],
["Frostbite", "Blister"],
["Genital herpes", "Blister"],
["Stomatitis", "Blister"],
["Burns", "Blister"],
["Impetigo", "Blister"],
["ultraviolet rays", "Melasma"],
["thyroid disease", "Melasma"],
["hormone therapy", "Melasma"],
["pregnancy", "Melasma"],
["dust mites", "Hives"],
["pollen", "Hives"],
["medications", "Hives"],
["animal dander", "Hives"],
["allergic reaction", "Hives"],
["insect bites or stings", "Hives"],
["food", "Hives"],
["temperature changes", "Eczema"],
["stress", "Eczema"],
["synthetic fabrics", "Eczema"],
["cigarette smoke", "Eczema"],
["scented products", "Eczema"],
["preservatives", "Eczema"],
["chemicals", "Eczema"]
]
