[
["rough", "Eczema"],
["irritated skin", "Eczema"],
["flaky", "Eczema"],
["inflamed", "Eczema"],
["scaly", "Actinic Keratosis"],
["thick", "Actinic Keratosis"],
["crusty skin patches", "Actinic Keratosis"],
["burning", "Actinic Keratosis"],
["Painful swelling of lips and throat", "Hives"],
["slight pinkness around bumps", "Keratosis pilaris"],
["dry skin", "Keratosis pilaris"],
["joint pain", "Psoriasis"],
["red patches", "Psoriasis"],
["develop blisters or pustules", "Ringworm"],
["scaly patches", "Ringworm"],
["reddish patch", "Squamous cell carcinoma"],
["chills", "Cellulitis"],
["shaking", "Cellulitis"],
["lightheadedness", "Cellulitis"],
["muscle aches", "Cellulitis"],
["sweating", "Cellulitis"],
["abscess with pus", "Cellulitis"],
["warmth", "Cellulitis"],
["sore or rash", "Cellulitis"],
["redness or inflammation", "Cellulitis"],
["tenderness", "Cellulitis"],
["skin crustiness or oozing", "Carbuncle"],
["fatigue", "Carbuncle"],
["painful", "Carbuncle"],
["bodily aches", "Carbuncle"],
["chills", "Carbuncle"],
["white patches", "Vitiligo"],
["dizziness", "Latex allergy"],
["rapid heartbeat", "Latex allergy"],
["shortness of breath", "Latex allergy"],
["runny or stuffy nose", "Latex allergy"],
["warm to the touch", "Latex allergy"],
["vomiting", "Latex allergy"],
["abdominal pain", "Latex allergy"],
["uniform mole", "Melanoma"],
["fever", "Chickenpox"],
["loss of appetite", "Chickenpox"],
["headache", "Chickenpox"],
["occasionally painful", "Impetigo"],
["reddish sores", "Impetigo"]
]
