[
["Wart", "Common warts, Plantar warts, Periungual warts, Filiform warts, Flat warts"],
["Ringworm", "Tinea pedis, tinea capitis, tinea corporis, tinea cruris"],
["Psoriasis", "Erythrodermic psoriasis, Guttate psoriasis, Scalp psoriasis, Psoriatic arthritis (PsA), Pustular psoriasis, Flexural or inverse psoriasis, Plaque psoriasis, Nail psoriasis"],
["Acne", "Papules, Pustules, Noninflammatory acne, Inflammatory acne, Cysts, Nodules"],
["Rosacea", "Erythematotelangiectatic rosacea, papulopustular rosacea, rhinophyma, ocular rosacea"],
["Squamous cell carcinoma", "No any types of Squamous cell carcinoma"],
["Keratosis pilaris", "No any types of Keratosis pilaris"],
["Actinic Keratosis", "No any types of Actinic Keratosis"],
["Latex allergy", "No any types of Latex allergy"],
["Chickenpox", "No any types of Chickenpox"],
["Cellulitis", "No any types of Cellulitis"],
["Impetigo", "No any types of Impetigo"],
["Carbuncle", "No any types of Carbuncle"],
["Vitiligo", "No any types of Vitiligo"],
["Melanoma", "No any types of Melanoma"],
["Blister", "No any types of Blister"],
["Melasma", "No any types of Melasma"],
["Hives", "No any types of Hives"],
["Eczema", "No any types of Eczema"]
]
